
> mindmap-monorepo@1.9.0 start
> cd backend && npm install && node server.js

npm warn deprecated prebuild-install@7.1.3: No longer maintained. Please contact the author of the relevant native addon; alternatives are available.
npm warn deprecated node-domexception@1.0.0: Use your platform's native DOMException instead

added 298 packages, and audited 299 packages in 20s

44 packages are looking for funding
  run `npm fund` for details

9 vulnerabilities (8 low, 1 high)

To address all issues (including breaking changes), run:
  npm audit fix --force

Run `npm audit` for details.
[dotenv@17.3.1] injecting env (0) from .env -- tip: ⚡️ secrets for agents: https://dotenvx.com/as2
[dotenv@17.3.1] injecting env (0) from .env -- tip: 🔐 encrypt with Dotenvx: https://dotenvx.com
⚠️ [FCM] Firebase 서비스 계정 키 파일을 찾을 수 없습니다: /app/backend/config/firebase-service-account.json
⚠️ 푸시 알림 기능이 작동하지 않습니다. 키 파일을 업로드해 주세요.
[PushScheduler] Firebase 미초기화 - FCM 푸시 알람 비활성화
⏳ [Scheduler] 영양제 ETL 동기화 스케줄러 등록 완료 (매월 1일 03:00)
[dotenv@17.3.1] injecting env (0) from .env -- tip: 🔐 prevent building .env in docker: https://dotenvx.com/prebuild
⚠️ DB 연결 실패(로컬 환경일 수 있음):
💡 DB 없이 프론트엔드 서버만 시작합니다.
🧠 MindMap 서버 시작됨 | 포트: 3001
회원가입 에러: AggregateError [ECONNREFUSED]:
    at /app/backend/node_modules/pg-pool/index.js:45:11
    at process.processTicksAndRejections (node:internal/process/task_queues:103:5)
    at async /app/backend/routes/authApi.js:564:23 {
  code: 'ECONNREFUSED',
  [errors]: [
    Error: connect ECONNREFUSED ::1:5432
        at createConnectionError (node:net:1678:14)
        at afterConnectMultiple (node:net:1708:16) {
      errno: -111,
      code: 'ECONNREFUSED',
      syscall: 'connect',
      address: '::1',
      port: 5432
    },
    Error: connect ECONNREFUSED 127.0.0.1:5432
        at createConnectionError (node:net:1678:14)
        at afterConnectMultiple (node:net:1708:16) {
      errno: -111,
      code: 'ECONNREFUSED',
      syscall: 'connect',
      address: '127.0.0.1',
      port: 5432
    }
  ]
}
로그인 에러: AggregateError [ECONNREFUSED]:
    at /app/backend/node_modules/pg-pool/index.js:45:11
    at process.processTicksAndRejections (node:internal/process/task_queues:103:5)
    at async /app/backend/routes/authApi.js:311:24 {
  code: 'ECONNREFUSED',
  [errors]: [
    Error: connect ECONNREFUSED ::1:5432
        at createConnectionError (node:net:1678:14)
        at afterConnectMultiple (node:net:1708:16) {
      errno: -111,
      code: 'ECONNREFUSED',
      syscall: 'connect',
      address: '::1',
      port: 5432
    },
    Error: connect ECONNREFUSED 127.0.0.1:5432
        at createConnectionError (node:net:1678:14)
        at afterConnectMultiple (node:net:1708:16) {
      errno: -111,
      code: 'ECONNREFUSED',
      syscall: 'connect',
      address: '127.0.0.1',
      port: 5432
    }
  ]
}
