
> mindmap-monorepo@1.9.0 start
> cd backend && npm install && node server.js

npm warn deprecated prebuild-install@7.1.3: No longer maintained. Please contact the author of the relevant native addon; alternatives are available.
npm warn deprecated node-domexception@1.0.0: Use your platform's native DOMException instead

added 298 packages, and audited 299 packages in 22s

44 packages are looking for funding
  run `npm fund` for details

9 vulnerabilities (8 low, 1 high)

To address all issues (including breaking changes), run:
  npm audit fix --force

Run `npm audit` for details.
[dotenv@17.3.1] injecting env (0) from .env -- tip: 🤖 agentic secret storage: https://dotenvx.com/as2
[dotenv@17.3.1] injecting env (0) from .env -- tip: 🤖 agentic secret storage: https://dotenvx.com/as2
⚠️ [FCM] Firebase 서비스 계정 키 파일을 찾을 수 없습니다: /app/backend/config/firebase-service-account.json
⚠️ 푸시 알림 기능이 작동하지 않습니다. 키 파일을 업로드해 주세요.
[PushScheduler] Firebase 미초기화 - FCM 푸시 알람 비활성화
⏳ [Scheduler] 영양제 ETL 동기화 스케줄러 등록 완료 (매월 1일 03:00)
[dotenv@17.3.1] injecting env (0) from .env -- tip: ⚙️  override existing env vars with { override: true }
⚠️ DB 연결 실패(로컬 환경일 수 있음):
💡 DB 없이 프론트엔드 서버만 시작합니다.
🧠 MindMap 서버 시작됨 | 포트: 3001
Terminated
npm notice
npm notice New minor version of npm available! 11.11.0 -> 11.12.1
npm notice Changelog: https://github.com/npm/cli/releases/tag/v11.12.1
npm notice To update run: npm install -g npm@11.12.1
npm notice
